<html>
<body>
<pre>
<h1>µVision Build Log</h1>
<h2>Project:</h2>
D:\EmbeddedSoftwareLab\EmbeddedSoftware\Lab9\lab9.uvproj
Project File Date:  03/09/2019

<h2>Output:</h2>
Rebuild target 'Target 1'
assembling startup_stm32f30x.s...
compiling cli.c...
compiling main.c...
compiling stm32f3_Button.c...
compiling stm32f3_DMA.c...
compiling stm32f3_Exec.c...
compiling stm32f3_Flash.c...
compiling stm32f3_GeneralTimer2.c...
compiling stm32f3_LEDS.c...
compiling stm32f3_Tools.c...
compiling stm32f3_UART.c...
compiling stm32f3_Watchdog.c...
compiling system_stm32f30x.c...
compiling stm32f30x_exti.c...
compiling stm32f30x_gpio.c...
compiling stm32f30x_i2c.c...
compiling stm32f30x_rcc.c...
compiling stm32f30x_syscfg.c...
compiling stm32f3_discovery_lsm303dlhc.c...
compiling stm32f3_discovery_board.c...
linking...
Program Size: Code=12692 RO-data=424 RW-data=92 ZI-data=4548  
".\lab9.axf" - 0 Error(s), 0 Warning(s).
Load "D:\\EmbeddedSoftwareLab\\EmbeddedSoftware\\Lab9\\lab9.axf" 
Erase Done.
Programming Done.
Verify OK.
Clean started: Project: 'lab9'
   deleting intermediate output files for target 'Target 1'
</pre>
</body>
</html>
Warning(s).
Target not created
